[0530/231952.852:ERROR:cache_util_win.cc(20)] Unable to move the cache: 5
[0530/231952.852:ERROR:cache_util.cc(134)] Unable to move cache folder C:\Windows\Temp\cep_cache\PHXS_19.1.1_com.adobe.ccx.fnft\GPUCache to C:\Windows\Temp\cep_cache\PHXS_19.1.1_com.adobe.ccx.fnft\old_GPUCache_000
[0530/231952.863:ERROR:disk_cache.cc(132)] Unable to create cache
[0530/231952.863:ERROR:shader_disk_cache.cc(542)] Shader Cache Creation failed: -2
[0530/231952.913:ERROR:child_thread_impl.cc(762)] Request for unknown Channel-associated interface: ui::mojom::GpuMain
[0530/231954.730:ERROR:dom_storage_context_impl.cc(128)] Failed to create 'Local Storage' directory, falling back to in-memory only.
[0530/232028.078:ERROR:cache_util_win.cc(20)] Unable to move the cache: 5
[0530/232028.079:ERROR:cache_util.cc(134)] Unable to move cache folder C:\Windows\Temp\cep_cache\PHXS_19.1.1_com.adobe.ccx.fnft\GPUCache to C:\Windows\Temp\cep_cache\PHXS_19.1.1_com.adobe.ccx.fnft\old_GPUCache_000
[0530/232028.079:ERROR:disk_cache.cc(132)] Unable to create cache
[0530/232028.079:ERROR:shader_disk_cache.cc(542)] Shader Cache Creation failed: -2
[0530/232028.194:ERROR:child_thread_impl.cc(762)] Request for unknown Channel-associated interface: ui::mojom::GpuMain
[0530/232028.615:ERROR:dom_storage_context_impl.cc(128)] Failed to create 'Local Storage' directory, falling back to in-memory only.
[0928/163458.218:ERROR:browser_context_impl.cc(246)] The cache_path directory could not be created: C:\Windows\Temp\cep_cache\PHXS_19.1.1_com.adobe.ccx.fnft
[0928/163458.555:ERROR:child_thread_impl.cc(762)] Request for unknown Channel-associated interface: ui::mojom::GpuMain
[0928/163504.684:ERROR:browser_context_impl.cc(246)] The cache_path directory could not be created: C:\Windows\Temp\cep_cache\PHXS_19.1.1_com.adobe.ccx.fnft
[0928/163504.990:ERROR:child_thread_impl.cc(762)] Request for unknown Channel-associated interface: ui::mojom::GpuMain
[0928/163514.096:ERROR:browser_context_impl.cc(246)] The cache_path directory could not be created: C:\Windows\Temp\cep_cache\PHXS_19.1.1_com.adobe.ccx.fnft
[0928/163514.364:ERROR:child_thread_impl.cc(762)] Request for unknown Channel-associated interface: ui::mojom::GpuMain
[0802/153858.145:ERROR:child_thread_impl.cc(762)] Request for unknown Channel-associated interface: ui::mojom::GpuMain
[0802/153858.158:ERROR:cache_util_win.cc(20)] Unable to move the cache: 5
[0802/153858.162:ERROR:cache_util.cc(134)] Unable to move cache folder C:\Windows\Temp\cep_cache\PHXS_19.1.1_com.adobe.ccx.fnft\GPUCache to C:\Windows\Temp\cep_cache\PHXS_19.1.1_com.adobe.ccx.fnft\old_GPUCache_000
[0802/153858.162:ERROR:disk_cache.cc(132)] Unable to create cache
[0802/153858.162:ERROR:shader_disk_cache.cc(542)] Shader Cache Creation failed: -2
[0802/153858.527:ERROR:dom_storage_context_impl.cc(128)] Failed to create 'Local Storage' directory, falling back to in-memory only.
