[0928/172527.972:ERROR:browser_context_impl.cc(246)] The cache_path directory could not be created: C:\Windows\Temp\cep_cache\PHXS_19.1.1_com.adobe.ccx.fnft
[0928/172528.645:ERROR:child_thread_impl.cc(762)] Request for unknown Channel-associated interface: ui::mojom::GpuMain
[0928/172607.485:ERROR:browser_context_impl.cc(246)] The cache_path directory could not be created: C:\Windows\Temp\cep_cache\PHXS_19.1.1_com.adobe.ccx.fnft
[0928/172608.017:ERROR:child_thread_impl.cc(762)] Request for unknown Channel-associated interface: ui::mojom::GpuMain
[0929/211824.050:ERROR:browser_context_impl.cc(246)] The cache_path directory could not be created: C:\Windows\Temp\cep_cache\PHXS_19.1.1_com.adobe.ccx.fnft
[0929/211824.796:ERROR:child_thread_impl.cc(762)] Request for unknown Channel-associated interface: ui::mojom::GpuMain
[0929/212625.245:ERROR:browser_context_impl.cc(246)] The cache_path directory could not be created: C:\Windows\Temp\cep_cache\PHXS_19.1.1_com.adobe.ccx.fnft
[0929/212625.634:ERROR:child_thread_impl.cc(762)] Request for unknown Channel-associated interface: ui::mojom::GpuMain
[0929/212700.457:ERROR:browser_context_impl.cc(246)] The cache_path directory could not be created: C:\Windows\Temp\cep_cache\PHXS_19.1.1_com.adobe.ccx.fnft
[0929/212700.728:ERROR:child_thread_impl.cc(762)] Request for unknown Channel-associated interface: ui::mojom::GpuMain
[0929/212821.533:ERROR:browser_context_impl.cc(246)] The cache_path directory could not be created: C:\Windows\Temp\cep_cache\PHXS_19.1.1_com.adobe.ccx.fnft
[0929/212821.774:ERROR:child_thread_impl.cc(762)] Request for unknown Channel-associated interface: ui::mojom::GpuMain
[1225/120815.902:ERROR:browser_context_impl.cc(246)] The cache_path directory could not be created: C:\Windows\Temp\cep_cache\PHXS_19.1.1_com.adobe.ccx.fnft
[1225/120816.166:ERROR:child_thread_impl.cc(762)] Request for unknown Channel-associated interface: ui::mojom::GpuMain
[1225/121120.246:ERROR:browser_context_impl.cc(246)] The cache_path directory could not be created: C:\Windows\Temp\cep_cache\PHXS_19.1.1_com.adobe.ccx.fnft
[1225/121120.503:ERROR:child_thread_impl.cc(762)] Request for unknown Channel-associated interface: ui::mojom::GpuMain
[0112/222040.479:ERROR:browser_context_impl.cc(246)] The cache_path directory could not be created: C:\Windows\Temp\cep_cache\PHXS_19.1.1_com.adobe.ccx.fnft
[0112/222040.667:ERROR:child_thread_impl.cc(762)] Request for unknown Channel-associated interface: ui::mojom::GpuMain
[0112/223543.223:ERROR:browser_context_impl.cc(246)] The cache_path directory could not be created: C:\Windows\Temp\cep_cache\PHXS_19.1.1_com.adobe.ccx.fnft
[0112/223543.510:ERROR:child_thread_impl.cc(762)] Request for unknown Channel-associated interface: ui::mojom::GpuMain
[0112/223908.828:ERROR:browser_context_impl.cc(246)] The cache_path directory could not be created: C:\Windows\Temp\cep_cache\PHXS_19.1.1_com.adobe.ccx.fnft
[0112/223909.045:ERROR:child_thread_impl.cc(762)] Request for unknown Channel-associated interface: ui::mojom::GpuMain
[0720/185412.120:ERROR:cache_util_win.cc(20)] Unable to move the cache: 5
[0720/185412.136:ERROR:cache_util.cc(134)] Unable to move cache folder C:\Windows\Temp\cep_cache\PHXS_19.1.1_com.adobe.ccx.fnft\GPUCache to C:\Windows\Temp\cep_cache\PHXS_19.1.1_com.adobe.ccx.fnft\old_GPUCache_000
[0720/185412.152:ERROR:disk_cache.cc(132)] Unable to create cache
[0720/185412.152:ERROR:shader_disk_cache.cc(542)] Shader Cache Creation failed: -2
[0720/185412.152:ERROR:child_thread_impl.cc(762)] Request for unknown Channel-associated interface: ui::mojom::GpuMain
[0720/185414.500:ERROR:dom_storage_context_impl.cc(128)] Failed to create 'Local Storage' directory, falling back to in-memory only.
[0720/185607.520:ERROR:cache_util_win.cc(20)] Unable to move the cache: 5
[0720/185607.520:ERROR:cache_util.cc(134)] Unable to move cache folder C:\Windows\Temp\cep_cache\PHXS_19.1.1_com.adobe.ccx.fnft\GPUCache to C:\Windows\Temp\cep_cache\PHXS_19.1.1_com.adobe.ccx.fnft\old_GPUCache_000
[0720/185607.520:ERROR:disk_cache.cc(132)] Unable to create cache
[0720/185607.520:ERROR:shader_disk_cache.cc(542)] Shader Cache Creation failed: -2
[0720/185607.614:ERROR:child_thread_impl.cc(762)] Request for unknown Channel-associated interface: ui::mojom::GpuMain
[0720/185608.072:ERROR:dom_storage_context_impl.cc(128)] Failed to create 'Local Storage' directory, falling back to in-memory only.
[0720/185627.307:ERROR:cache_util_win.cc(20)] Unable to move the cache: 5
[0720/185627.307:ERROR:cache_util.cc(134)] Unable to move cache folder C:\Windows\Temp\cep_cache\PHXS_19.1.1_com.adobe.ccx.fnft\GPUCache to C:\Windows\Temp\cep_cache\PHXS_19.1.1_com.adobe.ccx.fnft\old_GPUCache_000
[0720/185627.307:ERROR:disk_cache.cc(132)] Unable to create cache
[0720/185627.307:ERROR:shader_disk_cache.cc(542)] Shader Cache Creation failed: -2
[0720/185627.354:ERROR:child_thread_impl.cc(762)] Request for unknown Channel-associated interface: ui::mojom::GpuMain
[0720/185627.712:ERROR:dom_storage_context_impl.cc(128)] Failed to create 'Local Storage' directory, falling back to in-memory only.
[0720/185826.735:ERROR:cache_util_win.cc(20)] Unable to move the cache: 5
[0720/185826.735:ERROR:cache_util.cc(134)] Unable to move cache folder C:\Windows\Temp\cep_cache\PHXS_19.1.1_com.adobe.ccx.fnft\GPUCache to C:\Windows\Temp\cep_cache\PHXS_19.1.1_com.adobe.ccx.fnft\old_GPUCache_000
[0720/185826.735:ERROR:disk_cache.cc(132)] Unable to create cache
[0720/185826.735:ERROR:shader_disk_cache.cc(542)] Shader Cache Creation failed: -2
[0720/185826.813:ERROR:child_thread_impl.cc(762)] Request for unknown Channel-associated interface: ui::mojom::GpuMain
[0720/185827.123:ERROR:dom_storage_context_impl.cc(128)] Failed to create 'Local Storage' directory, falling back to in-memory only.
[0227/185735.849:ERROR:browser_context_impl.cc(246)] The cache_path directory could not be created: C:\Windows\Temp\cep_cache\PHXS_19.1.1_com.adobe.ccx.fnft
[0227/185736.207:ERROR:child_thread_impl.cc(762)] Request for unknown Channel-associated interface: ui::mojom::GpuMain
[0227/185903.379:ERROR:browser_context_impl.cc(246)] The cache_path directory could not be created: C:\Windows\Temp\cep_cache\PHXS_19.1.1_com.adobe.ccx.fnft
[0227/185903.612:ERROR:child_thread_impl.cc(762)] Request for unknown Channel-associated interface: ui::mojom::GpuMain
