[0607/173205.085:ERROR:cache_util_win.cc(20)] Unable to move the cache: 5
[0607/173205.085:ERROR:cache_util.cc(134)] Unable to move cache folder C:\Windows\Temp\cep_cache\PHXS_19.1.1_com.adobe.ccx.fnft\GPUCache to C:\Windows\Temp\cep_cache\PHXS_19.1.1_com.adobe.ccx.fnft\old_GPUCache_000
[0607/173205.085:ERROR:disk_cache.cc(132)] Unable to create cache
[0607/173205.085:ERROR:shader_disk_cache.cc(542)] Shader Cache Creation failed: -2
[0607/173205.144:ERROR:child_thread_impl.cc(762)] Request for unknown Channel-associated interface: ui::mojom::GpuMain
[0607/173205.482:ERROR:dom_storage_context_impl.cc(128)] Failed to create 'Local Storage' directory, falling back to in-memory only.
[0607/174053.271:ERROR:child_thread_impl.cc(762)] Request for unknown Channel-associated interface: ui::mojom::GpuMain
[0607/174053.414:ERROR:cache_util_win.cc(20)] Unable to move the cache: 5
[0607/174053.415:ERROR:cache_util.cc(134)] Unable to move cache folder C:\Windows\Temp\cep_cache\PHXS_19.1.1_com.adobe.ccx.fnft\GPUCache to C:\Windows\Temp\cep_cache\PHXS_19.1.1_com.adobe.ccx.fnft\old_GPUCache_000
[0607/174053.415:ERROR:disk_cache.cc(132)] Unable to create cache
[0607/174053.415:ERROR:shader_disk_cache.cc(542)] Shader Cache Creation failed: -2
[0607/174053.709:ERROR:dom_storage_context_impl.cc(128)] Failed to create 'Local Storage' directory, falling back to in-memory only.
[0607/174545.724:ERROR:child_thread_impl.cc(762)] Request for unknown Channel-associated interface: ui::mojom::GpuMain
[0607/174545.838:ERROR:cache_util_win.cc(20)] Unable to move the cache: 5
[0607/174545.838:ERROR:cache_util.cc(134)] Unable to move cache folder C:\Windows\Temp\cep_cache\PHXS_19.1.1_com.adobe.ccx.fnft\GPUCache to C:\Windows\Temp\cep_cache\PHXS_19.1.1_com.adobe.ccx.fnft\old_GPUCache_000
[0607/174545.838:ERROR:disk_cache.cc(132)] Unable to create cache
[0607/174545.838:ERROR:shader_disk_cache.cc(542)] Shader Cache Creation failed: -2
[0607/174546.245:ERROR:dom_storage_context_impl.cc(128)] Failed to create 'Local Storage' directory, falling back to in-memory only.
[0607/175152.721:ERROR:cache_util_win.cc(20)] Unable to move the cache: 5
[0607/175152.721:ERROR:cache_util.cc(134)] Unable to move cache folder C:\Windows\Temp\cep_cache\PHXS_19.1.1_com.adobe.ccx.fnft\GPUCache to C:\Windows\Temp\cep_cache\PHXS_19.1.1_com.adobe.ccx.fnft\old_GPUCache_000
[0607/175152.721:ERROR:disk_cache.cc(132)] Unable to create cache
[0607/175152.722:ERROR:shader_disk_cache.cc(542)] Shader Cache Creation failed: -2
[0607/175152.732:ERROR:child_thread_impl.cc(762)] Request for unknown Channel-associated interface: ui::mojom::GpuMain
[0607/175153.061:ERROR:dom_storage_context_impl.cc(128)] Failed to create 'Local Storage' directory, falling back to in-memory only.
